
> okys@0.1.0 build
> next build

   Ôû▓ Next.js 14.1.0
   - Environments: .env.local

   Creating an optimized production build ...
node.exe : Failed to compile.
At C:\Program Files\nodejs\npm.ps1:29 char:3
+   & $NODE_EXE $NPM_CLI_JS $args
+   ~~~~~~~~~~~~~~~~~~~~~~~~~~~~~
    + CategoryInfo          : NotSpecified: (Failed to compile.:Stri 
   ng) [], RemoteException
    + FullyQualifiedErrorId : NativeCommandError
 

./app/gorevlendirme/rapor/page.tsx
Module not found: Can't resolve '../../components/reports/Substitutio
nExportButton'

https://nextjs.org/docs/messages/module-not-found


> Build failed because of webpack errors
